<html>
<body>
<pre>
<h1>µVision Build Log</h1>
<h2>Project:</h2>
D:\LAB 3_CSEB\PasswdAuth.uvproj
Project File Date:  11/03/2022

<h2>Output:</h2>
Build target 'Target 1'
assembling Startup.s...
linking...
PasswdAuth.axf: Warning: L6665W: Neither Lib$$Request$$armlib Lib$$Request$$cpplib defined, not searching ARM libraries.
PasswdAuth.axf: Error: L6411W: No compatible library exists with a definition of startup symbol __main.
Target not created
Build target 'Target 1'
linking...
PasswdAuth.axf: Warning: L6665W: Neither Lib$$Request$$armlib Lib$$Request$$cpplib defined, not searching ARM libraries.
PasswdAuth.axf: Error: L6411W: No compatible library exists with a definition of startup symbol __main.
Target not created
Build target 'Target 1'
compiling PasswdAuth.c...
PasswdAuth.c(35): error:  #268: declaration may not appear after executable statement in block
PasswdAuth.c(36): error:  #268: declaration may not appear after executable statement in block
PasswdAuth.c(41): warning:  #69-D: integer conversion resulted in truncation
PasswdAuth.c(50): warning:  #69-D: integer conversion resulted in truncation
PasswdAuth.c(60): error:  #65: expected a ";"
PasswdAuth.c(79): warning:  #12-D: parsing restarts here after previous syntax error
Target not created
Build target 'Target 1'
compiling PasswdAuth.c...
PasswdAuth.c(35): error:  #268: declaration may not appear after executable statement in block
PasswdAuth.c(36): error:  #268: declaration may not appear after executable statement in block
PasswdAuth.c(41): warning:  #69-D: integer conversion resulted in truncation
PasswdAuth.c(50): warning:  #69-D: integer conversion resulted in truncation
PasswdAuth.c(62): warning:  #69-D: integer conversion resulted in truncation
PasswdAuth.c(71): warning:  #69-D: integer conversion resulted in truncation
Target not created
Build target 'Target 1'
compiling PasswdAuth.c...
PasswdAuth.c(41): warning:  #69-D: integer conversion resulted in truncation
PasswdAuth.c(50): warning:  #69-D: integer conversion resulted in truncation
PasswdAuth.c(62): warning:  #69-D: integer conversion resulted in truncation
PasswdAuth.c(71): warning:  #69-D: integer conversion resulted in truncation
linking...
Program Size: Code=1148 RO-data=16 RW-data=0 ZI-data=1256  
FromELF: creating hex file...
"PasswdAuth.axf" - 0 Error(s), 4 Warning(s).
Build target 'Target 1'
linking...
Program Size: Code=1148 RO-data=16 RW-data=0 ZI-data=1256  
FromELF: creating hex file...
"PasswdAuth.axf" - 0 Error(s), 0 Warning(s).
Build target 'Target 1'
compiling PasswdAuth.c...
PasswdAuth.c(41): warning:  #69-D: integer conversion resulted in truncation
PasswdAuth.c(50): warning:  #69-D: integer conversion resulted in truncation
PasswdAuth.c(62): warning:  #69-D: integer conversion resulted in truncation
PasswdAuth.c(71): warning:  #69-D: integer conversion resulted in truncation
linking...
Program Size: Code=1148 RO-data=16 RW-data=0 ZI-data=1256  
FromELF: creating hex file...
"PasswdAuth.axf" - 0 Error(s), 4 Warning(s).
Build target 'Target 1'
assembling Startup.s...
compiling PasswdAuth.c...
PasswdAuth.c(41): warning:  #69-D: integer conversion resulted in truncation
PasswdAuth.c(50): warning:  #69-D: integer conversion resulted in truncation
PasswdAuth.c(62): warning:  #69-D: integer conversion resulted in truncation
PasswdAuth.c(71): warning:  #69-D: integer conversion resulted in truncation
linking...
Program Size: Code=1148 RO-data=16 RW-data=0 ZI-data=1256  
FromELF: creating hex file...
"PasswdAuth.axf" - 0 Error(s), 4 Warning(s).
Build target 'Target 1'
compiling PasswdAuth.c...
PasswdAuth.c(41): warning:  #69-D: integer conversion resulted in truncation
PasswdAuth.c(50): warning:  #69-D: integer conversion resulted in truncation
PasswdAuth.c(62): warning:  #69-D: integer conversion resulted in truncation
PasswdAuth.c(71): warning:  #69-D: integer conversion resulted in truncation
linking...
Program Size: Code=1148 RO-data=16 RW-data=0 ZI-data=1256  
FromELF: creating hex file...
"PasswdAuth.axf" - 0 Error(s), 4 Warning(s).
Build target 'Target 1'
assembling Startup.s...
compiling PasswdAuth.c...
PasswdAuth.c(50): warning:  #69-D: integer conversion resulted in truncation
linking...
Program Size: Code=1144 RO-data=16 RW-data=0 ZI-data=1256  
FromELF: creating hex file...
"PasswdAuth.axf" - 0 Error(s), 1 Warning(s).
Build target 'Target 1'
compiling PasswdAuth.c...
PasswdAuth.c(50): warning:  #69-D: integer conversion resulted in truncation
linking...
Program Size: Code=996 RO-data=16 RW-data=0 ZI-data=1256  
FromELF: creating hex file...
"PasswdAuth.axf" - 0 Error(s), 1 Warning(s).
Build target 'Target 1'
assembling Startup.s...
compiling PasswdAuth.c...
PasswdAuth.c(32): warning:  #177-D: variable "passwd" was declared but never referenced
PasswdAuth.c(33): warning:  #177-D: variable "bin" was declared but never referenced
linking...
Program Size: Code=944 RO-data=16 RW-data=0 ZI-data=1256  
FromELF: creating hex file...
"PasswdAuth.axf" - 0 Error(s), 2 Warning(s).
Build target 'Target 1'
assembling Startup.s...
compiling PasswdAuth.c...
PasswdAuth.c(32): warning:  #177-D: variable "passwd" was declared but never referenced
PasswdAuth.c(33): warning:  #177-D: variable "bin" was declared but never referenced
linking...
Program Size: Code=944 RO-data=16 RW-data=0 ZI-data=1256  
FromELF: creating hex file...
"PasswdAuth.axf" - 0 Error(s), 2 Warning(s).
Build target 'Target 1'
assembling Startup.s...
compiling PasswdAuth.c...
PasswdAuth.c(95): warning:  #111-D: statement is unreachable
PasswdAuth.c(96): warning:  #1-D: last line of file ends without a newline
linking...
Program Size: Code=1272 RO-data=16 RW-data=0 ZI-data=1256  
FromELF: creating hex file...
"PasswdAuth.axf" - 0 Error(s), 2 Warning(s).
Build target 'Target 1'
assembling Startup.s...
compiling PasswdAuth.c...
PasswdAuth.c(52): warning:  #223-D: function "delay" declared implicitly
PasswdAuth.c(61): warning:  #111-D: statement is unreachable
PasswdAuth.c(62): warning:  #1-D: last line of file ends without a newline
linking...
PasswdAuth.axf: Error: L6218E: Undefined symbol delay (referred from passwdauth.o).
Target not created
Build target 'Target 1'
assembling Startup.s...
compiling PasswdAuth.c...
PasswdAuth.c(61): warning:  #111-D: statement is unreachable
PasswdAuth.c(62): warning:  #1-D: last line of file ends without a newline
linking...
Program Size: Code=1012 RO-data=16 RW-data=0 ZI-data=1256  
FromELF: creating hex file...
"PasswdAuth.axf" - 0 Error(s), 2 Warning(s).
Build target 'Target 1'
compiling PasswdAuth.c...
PasswdAuth.c(41): warning:  #69-D: integer conversion resulted in truncation
PasswdAuth.c(43): warning:  #69-D: integer conversion resulted in truncation
PasswdAuth.c(52): warning:  #69-D: integer conversion resulted in truncation
PasswdAuth.c(61): warning:  #111-D: statement is unreachable
PasswdAuth.c(62): warning:  #1-D: last line of file ends without a newline
linking...
Program Size: Code=1012 RO-data=16 RW-data=0 ZI-data=1256  
FromELF: creating hex file...
"PasswdAuth.axf" - 0 Error(s), 5 Warning(s).
