<html>
<body>
<pre>
<h1>µVision Build Log</h1>
<h2>Project:</h2>
D:\LAB 2_CSEB\BinaryLED\BinaryLED.uvproj
Project File Date:  10/20/2022

<h2>Output:</h2>
Build target 'Target 1'
assembling Startup.s...
compiling BinaryLED.c...
BinaryLED.c(90): warning:  #111-D: statement is unreachable
BinaryLED.c(91): warning:  #1-D: last line of file ends without a newline
linking...
Program Size: Code=1236 RO-data=16 RW-data=0 ZI-data=1256  
FromELF: creating hex file...
"BinaryLED.axf" - 0 Error(s), 2 Warning(s).
Build target 'Target 1'
assembling Startup.s...
compiling BinaryLED.c...
BinaryLED.c(90): warning:  #111-D: statement is unreachable
BinaryLED.c(91): warning:  #1-D: last line of file ends without a newline
linking...
Program Size: Code=1236 RO-data=16 RW-data=0 ZI-data=1256  
FromELF: creating hex file...
"BinaryLED.axf" - 0 Error(s), 2 Warning(s).
Build target 'Target 1'
assembling Startup.s...
compiling BinaryLED.c...
BinaryLED.c(95): warning:  #111-D: statement is unreachable
BinaryLED.c(96): warning:  #1-D: last line of file ends without a newline
linking...
Program Size: Code=1272 RO-data=16 RW-data=0 ZI-data=1256  
FromELF: creating hex file...
"BinaryLED.axf" - 0 Error(s), 2 Warning(s).
